0 verbose cli C:\Program Files\nodejs\node.exe C:\Program Files\nodejs\node_modules\npm\bin\npm-cli.js
1 info using npm@11.11.1
2 info using node@v25.8.2
3 silly config load:file:C:\Program Files\nodejs\node_modules\npm\npmrc
4 silly config load:file:D:\GAFF\vendor\openclaw\.npmrc
5 silly config load:file:C:\Users\angel\.npmrc
6 silly config load:file:C:\Users\angel\AppData\Roaming\npm\etc\npmrc
7 verbose title npm exec @railway/cli up --no-gitignore
8 verbose argv "exec" "--yes" "--" "@railway/cli" "up" "--no-gitignore"
9 verbose logfile logs-max:10 dir:D:\GAFF\vendor\openclaw\.npm-cache\_logs\2026-04-16T15_30_04_170Z-
10 verbose logfile D:\GAFF\vendor\openclaw\.npm-cache\_logs\2026-04-16T15_30_04_170Z-debug-0.log
11 warn Unknown project config "node-linker". This will stop working in the next major version of npm. See `npm help npmrc` for supported config options.
12 silly logfile done cleaning log files
13 silly packumentCache heap:4496293888 maxSize:1124073472 maxEntrySize:562036736
14 http fetch GET 200 https://registry.npmjs.org/@railway%2fcli 333ms (cache miss)
15 silly packumentCache heap:4496293888 maxSize:1124073472 maxEntrySize:562036736
16 verbose cwd D:\GAFF\vendor\openclaw
17 verbose os Windows_NT 10.0.26300
18 verbose node v25.8.2
19 verbose npm  v11.11.1
20 verbose exit 0
21 info ok
